I'm sorry, but errors were detected in your script. Please correct the
errors listed below, and try again.


File "game/script.rpy", line 24: end of line expected.
    show doctor static at left with zoom 0.5
                                         ^

Ren'Py Version: Ren'Py 8.2.3.24061702
Wed Oct 23 16:33:12 2024
